2026-04-06T17:37:19.267+02:00  INFO 4202 --- [demo] [           main] org.mongodb.driver.client                : 

MongoClient with metadata 

{"driver": 
	{"name": "mongo-java-driver|spring-boot|sync", "version": "5.6.4"}, 
	"os": {"type": "Darwin", "name": "Mac OS X", "architecture": "x86_64", "version": "11.7.10"}, 
	"platform": "Java/Amazon.com Inc./21.0.9+10-LTS"} 
		created with settings 
			MongoClientSettings{
								readPreference=primary, 
								writeConcern=WriteConcern{w=null, wTimeout=null ms, journal=null}, 
								retryWrites=true, 
								retryReads=true, 
								readConcern=ReadConcern{level=null}, 
								credential=null, 
								transportSettings=null, 
								commandListeners=[], 
								codecRegistry=ProvidersCodecRegistry{
									codecProviders=[ValueCodecProvider{}, BsonValueCodecProvider{}, DBRefCodecProvider{}, 		DBObjectCodecProvider{},DocumentCodecProvider{}, CollectionCodecProvider{}, IterableCodecProvider{}, MapCodecProvider{}, GeoJsonCodecProvider{}, GridFSFileCodecProvider{}, Jsr310CodecProvider{}, JsonObjectCodecProvider{}, BsonCodecProvider{}, com.mongodb.client.model.mql.ExpressionCodecProvider@5eea5627, com.mongodb.Jep395RecordCodecProvider@3330f3ad, com.mongodb.KotlinCodecProvider@f425231, EnumCodecProvider{}]}, 
									
								loggerSettings=LoggerSettings{maxDocumentLength=1000}, 
								clusterSettings={hosts=[localhost:27017], 
								srvServiceName=mongodb, 
								mode=SINGLE, 
								requiredClusterType=UNKNOWN, 
								requiredReplicaSetName='null', 
								serverSelector='null', 
								clusterListeners='[]', 
								serverSelectionTimeout='30000 ms', 
								localThreshold='15 ms'}, 
								socketSettings=SocketSettings{connectTimeoutMS=10000, readTimeoutMS=0, receiveBufferSize=0, proxySettings=ProxySettings{host=null, port=null, username=null, password=null}}, 
								
								heartbeatSocketSettings=SocketSettings{connectTimeoutMS=10000, readTimeoutMS=10000, receiveBufferSize=0, proxySettings=ProxySettings{host=null, port=null, username=null, password=null}}, 
								
								connectionPoolSettings=ConnectionPoolSettings{maxSize=100, minSize=0, maxWaitTimeMS=120000, maxConnectionLifeTimeMS=0, maxConnectionIdleTimeMS=0, maintenanceInitialDelayMS=0, maintenanceFrequencyMS=60000, connectionPoolListeners=[], maxConnecting=2},
								serverSettings=ServerSettings{heartbeatFrequencyMS=10000, minHeartbeatFrequencyMS=500, serverMonitoringMode=AUTO, serverListeners='[]', serverMonitorListeners='[]'}, 
								
								sslSettings=SslSettings{enabled=false, invalidHostNameAllowed=false, context=null}, 
								
								applicationName='null', 
								compressorList=[], 
								uuidRepresentation=UNSPECIFIED, 
								serverApi=null, 
								autoEncryptionSettings=null, 
								dnsClient=null, 
								inetAddressResolver=null, 
								contextProvider=null, 
								timeoutMS=null}
								
2026-04-06T17:37:19.288+02:00  INFO 4202 --- [demo] [localhost:27017] org.mongodb.driver.cluster               : 

Monitor thread successfully connected to server with description 

ServerDescription{
				address=localhost:27017, 
				type=REPLICA_SET_SECONDARY, 
				cryptd=false, state=CONNECTED, 
				ok=true, 
				minWireVersion=0, 
				maxWireVersion=21, 
				maxDocumentSize=16777216, 
				logicalSessionTimeoutMinutes=30, 
				roundTripTimeNanos=20799703, 
				minRoundTripTimeNanos=0, 
				setName='rs0', 
				canonicalAddress=mongo1:27017, 
				hosts=[mongo3:27017, mongo2:27017, mongo1:27017], 
				passives=[], 
				arbiters=[], 
				primary='mongo2:27017', 
				tagSet=TagSet{[]}, 
				electionId=null, 
				setVersion=1, 
				topologyVersion=TopologyVersion{processId=69d3cc856d402212e71e4cf4, counter=3}, 
				lastWriteDate=Mon Apr 06 17:37:12 CEST 2026, 
				lastUpdateTimeNanos=25423130214682}
